#-----------------------------------------------------------
# Vivado v2020.2 (64-bit)
# SW Build 3064766 on Wed Nov 18 09:12:47 MST 2020
# IP Build 3064653 on Wed Nov 18 14:17:31 MST 2020
# Start of session at: Tue Jan 26 20:33:44 2021
# Process ID: 2225
# Current directory: /home/mr-robot/Documents/arch/scripts
# Command line: vivado
# Log file: /home/mr-robot/Documents/arch/scripts/vivado.log
# Journal file: /home/mr-robot/Documents/arch/scripts/vivado.jou
#-----------------------------------------------------------
start_gui
open_project {/home/mr-robot/Documents/arch/module01/mips-cpu/RTL/CPUs/Single Cycle with Interrupts/sccompintFPGA.xpr}
update_compile_order -fileset sources_1
open_hw_manager
connect_hw_server -allow_non_jtag
open_hw_target
set_property PROGRAM.FILE {/home/mr-robot/Documents/arch/module01/mips-cpu/RTL/CPUs/Single Cycle with Interrupts/sccompintFPGA.runs/impl_1/mfp_nexys4_ddr.bit} [get_hw_devices xc7a100t_0]
current_hw_device [get_hw_devices xc7a100t_0]
refresh_hw_device -update_hw_probes false [lindex [get_hw_devices xc7a100t_0] 0]
set_property PROBES.FILE {} [get_hw_devices xc7a100t_0]
set_property FULL_PROBES.FILE {} [get_hw_devices xc7a100t_0]
set_property PROGRAM.FILE {/home/mr-robot/Documents/arch/module01/mips-cpu/RTL/CPUs/Single Cycle with Interrupts/sccompintFPGA.runs/impl_1/mfp_nexys4_ddr.bit} [get_hw_devices xc7a100t_0]
program_hw_devices [get_hw_devices xc7a100t_0]
refresh_hw_device [lindex [get_hw_devices xc7a100t_0] 0]
close_hw_manager
close_project
create_project pc-32bit /home/mr-robot/Documents/arch/module02/pc-32bit -part xc7a100tcsg324-1
set_property target_language VHDL [current_project]
set_property simulator_language VHDL [current_project]
file mkdir /home/mr-robot/Documents/arch/module02/pc-32bit/pc-32bit.srcs/sources_1/new
close [ open /home/mr-robot/Documents/arch/module02/pc-32bit/pc-32bit.srcs/sources_1/new/mux2to1_32bit.vhd w ]
add_files /home/mr-robot/Documents/arch/module02/pc-32bit/pc-32bit.srcs/sources_1/new/mux2to1_32bit.vhd
close [ open /home/mr-robot/Documents/arch/module02/pc-32bit/pc-32bit.srcs/sources_1/new/reg_32bit.vhd w ]
add_files /home/mr-robot/Documents/arch/module02/pc-32bit/pc-32bit.srcs/sources_1/new/reg_32bit.vhd
close [ open /home/mr-robot/Documents/arch/module02/pc-32bit/pc-32bit.srcs/sources_1/new/adder_32bit.vhd w ]
add_files /home/mr-robot/Documents/arch/module02/pc-32bit/pc-32bit.srcs/sources_1/new/adder_32bit.vhd
update_compile_order -fileset sources_1
update_compile_order -fileset sources_1
update_compile_order -fileset sources_1
update_compile_order -fileset sources_1
update_compile_order -fileset sources_1
close [ open /home/mr-robot/Documents/arch/module02/pc-32bit/pc-32bit.srcs/sources_1/new/pc-32bit_top.vhd w ]
add_files /home/mr-robot/Documents/arch/module02/pc-32bit/pc-32bit.srcs/sources_1/new/pc-32bit_top.vhd
update_compile_order -fileset sources_1
export_ip_user_files -of_objects  [get_files /home/mr-robot/Documents/arch/module02/pc-32bit/pc-32bit.srcs/sources_1/new/pc-32bit_top.vhd] -no_script -reset -force -quiet
remove_files  /home/mr-robot/Documents/arch/module02/pc-32bit/pc-32bit.srcs/sources_1/new/pc-32bit_top.vhd
close [ open /home/mr-robot/Documents/arch/module02/pc-32bit/pc-32bit.srcs/sources_1/new/pc_32bit_top.vhd w ]
add_files /home/mr-robot/Documents/arch/module02/pc-32bit/pc-32bit.srcs/sources_1/new/pc_32bit_top.vhd
update_compile_order -fileset sources_1
update_compile_order -fileset sources_1
update_compile_order -fileset sources_1
update_compile_order -fileset sources_1
file mkdir /home/mr-robot/Documents/arch/module02/pc-32bit/pc-32bit.srcs/sim_1/new
set_property SOURCE_SET sources_1 [get_filesets sim_1]
close [ open /home/mr-robot/Documents/arch/module02/pc-32bit/pc-32bit.srcs/sim_1/new/pc_32bit_top_tb.vhd w ]
add_files -fileset sim_1 /home/mr-robot/Documents/arch/module02/pc-32bit/pc-32bit.srcs/sim_1/new/pc_32bit_top_tb.vhd
update_compile_order -fileset sim_1
update_compile_order -fileset sim_1
launch_simulation
source tb_pc_32bit_top.tcl
close_sim
launch_simulation
source tb_pc_32bit_top.tcl
close_sim
close_project
create_project pc_32bit /home/mr-robot/Documents/arch/module02/pc_32bit -part xc7a100tcsg324-1
close_project
create_project pc_32bit /opt/pc_32bit -part xc7a100tcsg324-1
add_files -norecurse {/opt/temp/mux2to1_32bit.vhd /opt/temp/adder_32bit.vhd /opt/temp/pc_32bit_top.vhd /opt/temp/reg_32bit.vhd}
update_compile_order -fileset sources_1
update_compile_order -fileset sources_1
set_property SOURCE_SET sources_1 [get_filesets sim_1]
add_files -fileset sim_1 -norecurse /opt/temp/pc_32bit_top_tb.vhd
update_compile_order -fileset sim_1
launch_simulation
source tb_pc_32bit_top.tcl
update_compile_order -fileset sim_1
close_sim
close_project
open_project /home/mr-robot/Documents/arch/module02/pc_32bit/pc_32bit.xpr
close_project
open_project /opt/pc_32bit/pc_32bit.xpr
update_compile_order -fileset sources_1
update_compile_order -fileset sources_1
update_compile_order -fileset sources_1
launch_simulation
source tb_pc_32bit_top.tcl
close_sim
close_project
open_project /home/mr-robot/Documents/arch/module02/pc_32bit/pc_32bit.xpr
file mkdir /home/mr-robot/Documents/arch/module02/pc_32bit/pc_32bit.srcs/sources_1/new
close [ open /home/mr-robot/Documents/arch/module02/pc_32bit/pc_32bit.srcs/sources_1/new/pc_32bit_top.vhd w ]
add_files /home/mr-robot/Documents/arch/module02/pc_32bit/pc_32bit.srcs/sources_1/new/pc_32bit_top.vhd
update_compile_order -fileset sources_1
add_files -norecurse /opt/temp/pc_32bit_top_tb.vhd
update_compile_order -fileset sources_1
update_compile_order -fileset sources_1
launch_simulation
source tb_pc_32bit_top.tcl
close_sim
launch_simulation
source tb_pc_32bit_top.tcl
close_sim
launch_simulation
source tb_pc_32bit_top.tcl
close_sim
